// Jest Snapshot v1, https://goo.gl/fbAQLP

exports[`<PostItEditableList /> should match the snapshot 1`] = `
<div>
  <ul
    class="grid grid-cols-auto p-4 m-0 list-none gap-4 justify-center"
  >
    <li
      class="justify-self-center"
    >
      <div
        aria-hidden="true"
        class="flex flex-col items-center justify-center bg-yellow shadow-xl w-max md:absolute md:cursor-grab dark:bg-cerulean-500 dark:shadow-xl dark:shadow-cerulean-700 transition-colors dark:border dark:border-grey dark:text-mine-shaft-600"
        draggable="true"
        id="1"
      >
        <button
          class="flex flex-col items-center justify-center border-none
			m-2 p-0	bg-transparent hover:opacity-90 active:translate-y-1 my-0 mx-0 px-2 pt-2 opacity-20 text-xl hover:opacity-100 self-end dark:text-mine-shaft-900 dark:opacity-40 dark:hover:opacity-100 transition-colors"
          name="button"
          type="button"
        >
          X
        </button>
        <textarea
          class="p-2 w-52 h-52 bg-transparent outline-none border-none resize-y md:resize md:cursor-grab focus:cursor-text"
          disabled=""
          name="note"
        >
          Testing list of post its, this is post it one
        </textarea>
      </div>
    </li>
    <li
      class="justify-self-center"
    >
      <div
        aria-hidden="true"
        class="flex flex-col items-center justify-center bg-yellow shadow-xl w-max md:absolute md:cursor-grab dark:bg-cerulean-500 dark:shadow-xl dark:shadow-cerulean-700 transition-colors dark:border dark:border-grey dark:text-mine-shaft-600"
        draggable="true"
        id="2"
      >
        <button
          class="flex flex-col items-center justify-center border-none
			m-2 p-0	bg-transparent hover:opacity-90 active:translate-y-1 my-0 mx-0 px-2 pt-2 opacity-20 text-xl hover:opacity-100 self-end dark:text-mine-shaft-900 dark:opacity-40 dark:hover:opacity-100 transition-colors"
          name="button"
          type="button"
        >
          X
        </button>
        <textarea
          class="p-2 w-52 h-52 bg-transparent outline-none border-none resize-y md:resize md:cursor-grab focus:cursor-text"
          disabled=""
          name="note"
        >
          Testing list of post its, this is post it two
        </textarea>
      </div>
    </li>
  </ul>
</div>
`;
